// Jest Snapshot v1, https://goo.gl/fbAQLP

exports[`<Link /> should render properly 1`] = `
ReactWrapper {
  "length": 1,
  Symbol(enzyme.__unrendered__): <Link
    url="food.olin.edu"
  />,
  Symbol(enzyme.__renderer__): Object {
    "batchedUpdates": [Function],
    "getNode": [Function],
    "render": [Function],
    "simulateEvent": [Function],
    "unmount": [Function],
  },
  Symbol(enzyme.__root__): [Circular],
  Symbol(enzyme.__node__): Object {
    "instance": null,
    "key": undefined,
    "nodeType": "function",
    "props": Object {
      "url": "food.olin.edu",
    },
    "ref": null,
    "rendered": Object {
      "instance": <div
        class="link"
      >
        food.olin.edu
      </div>,
      "key": undefined,
      "nodeType": "host",
      "props": Object {
        "children": "food.olin.edu",
        "className": "link",
        "onClick": [Function],
      },
      "ref": null,
      "rendered": Array [
        "food.olin.edu",
      ],
      "type": "div",
    },
    "type": [Function],
  },
  Symbol(enzyme.__nodes__): Array [
    Object {
      "instance": null,
      "key": undefined,
      "nodeType": "function",
      "props": Object {
        "url": "food.olin.edu",
      },
      "ref": null,
      "rendered": Object {
        "instance": <div
          class="link"
        >
          food.olin.edu
        </div>,
        "key": undefined,
        "nodeType": "host",
        "props": Object {
          "children": "food.olin.edu",
          "className": "link",
          "onClick": [Function],
        },
        "ref": null,
        "rendered": Array [
          "food.olin.edu",
        ],
        "type": "div",
      },
      "type": [Function],
    },
  ],
  Symbol(enzyme.__options__): Object {
    "adapter": ReactSixteenAdapter {
      "options": Object {
        "enableComponentDidUpdateOnSetState": true,
      },
    },
  },
}
`;
